[INFO] Launcher iniciado as 27/06/2026 14:06:37
[INFO] Porta detectada no config.json: 5000
[INFO] Iniciando servidor Node.js (node server.js)...
[INFO] Processo do Node.js iniciado com PID: 1676

==================================================

      PARONIDECK - SERVIDOR INICIADO (NODE.JS)
      Acesse no seu PC: http://localhost:5000
      Acesse no seu Celular: http://192.168.15.114:5000
==================================================
      PARONIDECK - SERVIDOR INICIADO (NODE.JS)
      Acesse no seu PC: http://localhost:5000

      Acesse no seu Celular: http://192.168.15.114:5000
==================================================

[INFO] Porta detectada no config.json: 5000
[INFO] Encerrando processo do Node.js (PID: 1676)...
[INFO] Iniciando servidor Node.js (node server.js)...
[INFO] Processo do Node.js iniciado com PID: 34512

==================================================

      PARONIDECK - SERVIDOR INICIADO (NODE.JS)
==================================================
      Acesse no seu PC: http://localhost:5000
      Acesse no seu Celular: http://192.168.15.114:5000
==================================================

      PARONIDECK - SERVIDOR INICIADO (NODE.JS)
      Acesse no seu PC: http://localhost:5000
      Acesse no seu Celular: http://192.168.15.114:5000
==================================================

